// Jest Snapshot v1, https://goo.gl/fbAQLP

exports[`<Main /> Deve renderizar o componente <Main /> 1`] = `
.c0 {
  width: 100vw;
  height: calc(100vh - 80px);
  background-color: #19062b;
  text-align: center;
  color: white;
  display: -webkit-box;
  display: -webkit-flex;
  display: -ms-flexbox;
  display: flex;
  -webkit-align-items: center;
  -webkit-box-align: center;
  -ms-flex-align: center;
  align-items: center;
  -webkit-box-pack: center;
  -webkit-justify-content: center;
  -ms-flex-pack: center;
  justify-content: center;
  -webkit-flex-direction: column;
  -ms-flex-direction: column;
  flex-direction: column;
  padding: 20px;
}

.c4 {
  font-size: 1.6rem;
  margin-bottom: 2rem;
}

.c5 {
  width: 260px;
}

.c1 {
  width: auto;
  height: auto;
  display: -webkit-box;
  display: -webkit-flex;
  display: -ms-flexbox;
  display: flex;
  -webkit-align-items: center;
  -webkit-box-align: center;
  -ms-flex-align: center;
  align-items: center;
  margin-bottom: 20px;
}

.c2 {
  width: 50px;
  height: 50px;
  margin-right: 15px;
}

.c3 {
  font-size: 2.8rem;
  color: white;
  font-weight: bold;
}

<main
  class="c0"
>
  <div
    class="c1"
  >
    <img
      alt="Ícone com logotipo do nextJS e ao lado escrito Boilerplate NextJS"
      class="c2"
      src="assets/img/icon-react.png"
    />
    <h1
      class="c3"
    >
      Boilerplate NextJS
    </h1>
  </div>
  <h2
    class="c4"
  >
    Typescript, ReactJS, NextJS e Styled Components
  </h2>
  <img
    alt="Um desenvolvedor de frente para uma tela com código"
    class="c5"
    src="/assets/svg/ilustration.svg"
  />
</main>
`;
