// Jest Snapshot v1, https://goo.gl/fbAQLP

exports[`<Title /> Deve renderizar o componente <Title /> 1`] = `
.c0 {
  width: auto;
  height: auto;
  display: -webkit-box;
  display: -webkit-flex;
  display: -ms-flexbox;
  display: flex;
  -webkit-align-items: center;
  -webkit-box-align: center;
  -ms-flex-align: center;
  align-items: center;
  margin-bottom: 20px;
}

.c1 {
  width: 50px;
  height: 50px;
  margin-right: 15px;
}

.c2 {
  font-size: 2.8rem;
  color: white;
  font-weight: bold;
}

<div
  class="c0"
>
  <img
    alt="Ícone com logotipo do nextJS e ao lado escrito Boilerplate NextJS"
    class="c1"
    src="assets/img/icon-react.png"
  />
  <h1
    class="c2"
  >
    Boilerplate NextJS
  </h1>
</div>
`;
