// Jest Snapshot v1, https://goo.gl/fbAQLP

exports[`<Review /> Deve renderizar o componente <Review /> 1`] = `
.c1 {
  position: relative;
  background-image: url(/assets/img/slide-4.jpg);
  background-position: center;
  background-size: cover;
  padding: 5rem 0;
  overflow: hidden;
}

.c2 {
  position: absolute;
  width: 5rem;
  color: #080808;
  top: -0.1rem;
  left: 50%;
  -webkit-transform: translate(-50%,0);
  -ms-transform: translate(-50%,0);
  transform: translate(-50%,0);
}

.c20 {
  position: absolute;
  width: 5rem;
  color: #080808;
  bottom: -0.1rem;
  left: 50%;
  -webkit-transform: translate(-50%,0);
  -ms-transform: translate(-50%,0);
  transform: translate(-50%,0);
}

.c3 {
  max-width: 129rem;
  margin: 0 15px;
}

.c4 {
  color: #1affea;
  font-family: Dancing Script;
  font-weight: 500;
  text-align: center;
  font-size: 2.5rem;
  margin-bottom: 0.5rem;
}

.c5 {
  width: 100%;
  display: -webkit-box;
  display: -webkit-flex;
  display: -ms-flexbox;
  display: flex;
  -webkit-box-pack: center;
  -webkit-justify-content: center;
  -ms-flex-pack: center;
  justify-content: center;
  margin-bottom: 3.2rem;
}

.c6 {
  width: -webkit-fit-content;
  width: -moz-fit-content;
  width: fit-content;
  display: -webkit-box;
  display: -webkit-flex;
  display: -ms-flexbox;
  display: flex;
  -webkit-flex-direction: column;
  -ms-flex-direction: column;
  flex-direction: column;
  color: #FFFFFF;
  font-family: Abril Fatface;
  font-weight: 400;
  font-size: 3.0rem;
  text-align: center;
}

.c7 {
  width: calc(100% + 2rem);
  height: 0.2rem;
  border-radius: 0.2rem;
  background: rgba(255,255,255,0.3);
  margin-top: 0.5rem;
  margin-left: calc(-2rem / 2);
}

.c8 {
  font-size: 1.2rem;
  font-family: Poppins,-apple-system,BlinkMacSystemFont,'Segoe UI',Roboto,Oxygen,Ubuntu,Cantarell,'Open Sans','Helvetica Neue',sans-serif;
  font-weight: 400;
  text-align: center;
  color: #FFFFFF;
  margin-bottom: 4.5rem;
}

.c8 span {
  color: #1affea;
}

.c9 {
  width: 100%;
  display: -webkit-box;
  display: -webkit-flex;
  display: -ms-flexbox;
  display: flex;
  -webkit-box-pack: center;
  -webkit-justify-content: center;
  -ms-flex-pack: center;
  justify-content: center;
  gap: 3.2rem;
}

.c11 .slick-slider {
  position: relative;
  display: block;
  box-sizing: border-box;
  -webkit-user-select: none;
  -moz-user-select: none;
  -ms-user-select: none;
  -webkit-user-select: none;
  -moz-user-select: none;
  -ms-user-select: none;
  user-select: none;
  -webkit-touch-callout: none;
  -khtml-user-select: none;
  -ms-touch-action: pan-y;
  touch-action: pan-y;
  -webkit-tap-highlight-color: transparent;
}

.c11 .slick-list {
  position: relative;
  display: block;
  overflow: hidden;
  margin: 0;
  padding: 0;
}

.c11 .slick-list:focus {
  outline: none;
}

.c11 .slick-list.dragging {
  cursor: pointer;
  cursor: hand;
}

.c11 .slick-slider .slick-track,
.c11 .slick-slider .slick-list {
  -webkit-transform: translate3d(0,0,0);
  -moz-transform: translate3d(0,0,0);
  -ms-transform: translate3d(0,0,0);
  -o-transform: translate3d(0,0,0);
  -webkit-transform: translate3d(0,0,0);
  -ms-transform: translate3d(0,0,0);
  transform: translate3d(0,0,0);
}

.c11 .slick-track {
  position: relative;
  top: 0;
  left: 0;
  display: block;
}

.c11 .slick-track:before,
.c11 .slick-track:after {
  display: table;
  content: '';
}

.c11 .slick-track:after {
  clear: both;
}

.c11 .slick-loading .slick-track {
  visibility: hidden;
}

.c11 .slick-slide {
  display: none;
  float: left;
  height: 100%;
  min-height: 1px;
}

.c11 [dir='rtl'] .slick-slide {
  float: right;
}

.c11 .slick-slide img {
  display: block;
}

.c11 .slick-slide.slick-loading img {
  display: none;
}

.c11 .slick-slide.dragging img {
  pointer-events: none;
}

.c11 .slick-initialized .slick-slide {
  display: block;
}

.c11 .slick-loading .slick-slide {
  visibility: hidden;
}

.c11 .slick-vertical .slick-slide {
  display: block;
  height: auto;
}

.c11 .slick-arrow.slick-hidden {
  display: none;
}

.c15 {
  display: -webkit-box;
  display: -webkit-flex;
  display: -ms-flexbox;
  display: flex;
  -webkit-box-pack: center;
  -webkit-justify-content: center;
  -ms-flex-pack: center;
  justify-content: center;
  gap: 0.5rem;
}

.c15 svg {
  width: 1.5rem;
  color: #1affea;
}

.c17 {
  display: -webkit-box;
  display: -webkit-flex;
  display: -ms-flexbox;
  display: flex;
  -webkit-flex-direction: column;
  -ms-flex-direction: column;
  flex-direction: column;
  -webkit-align-items: center;
  -webkit-box-align: center;
  -ms-flex-align: center;
  align-items: center;
  -webkit-box-pack: center;
  -webkit-justify-content: center;
  -ms-flex-pack: center;
  justify-content: center;
}

.c18 {
  position: relative;
  display: -webkit-box;
  display: -webkit-flex;
  display: -ms-flexbox;
  display: flex;
  -webkit-align-items: center;
  -webkit-box-align: center;
  -ms-flex-align: center;
  align-items: center;
  -webkit-box-pack: center;
  -webkit-justify-content: center;
  -ms-flex-pack: center;
  justify-content: center;
  width: 4.5rem;
  height: 4.5rem;
  border-radius: 50%;
  background-image: url(/assets/img/testUser.png);
  background-size: cover;
}

.c18::before {
  content: '';
  position: absolute;
  width: calc(100% + 0.5rem);
  height: calc(100% + 0.5rem);
  border-radius: 50%;
  border: 0.2rem solid #1affea;
}

.c19 {
  text-transform: capitalize;
  font-size: 1.2rem;
  font-weight: 300;
  color: #A5A5A5;
  margin-top: 1rem;
}

.c12 {
  display: -webkit-box;
  display: -webkit-flex;
  display: -ms-flexbox;
  display: flex;
  -webkit-flex-direction: column;
  -ms-flex-direction: column;
  flex-direction: column;
  min-width: 31rem;
  width: 31rem;
  position: relative;
  background: #FFFFFF;
  padding: 2rem;
  border-radius: 1rem;
}

.c13 {
  position: absolute;
  top: 0;
  left: 2rem;
  color: #1affea;
  height: 5.3rem;
}

.c14 {
  color: #282828;
  text-transform: capitalize;
  font-size: 1.2rem;
  font-family: Kaushan Script;
  text-align: right;
}

.c14 span {
  color: #1affea;
}

.c16 {
  color: #282828;
  font-size: 2.0rem;
  font-family: Kaushan Script;
  text-align: center;
  margin-bottom: 1.5rem;
}

.c0 {
  margin: calc(10rem / 2) 0;
}

.c0 .slick-track,
.c0 .slick-list {
  display: -webkit-box;
  display: -webkit-flex;
  display: -ms-flexbox;
  display: flex;
}

.c0 .slick-slide > div {
  display: -webkit-box;
  display: -webkit-flex;
  display: -ms-flexbox;
  display: flex;
  -webkit-flex: 1 0 auto;
  -ms-flex: 1 0 auto;
  flex: 1 0 auto;
  height: 100%;
  -webkit-transition: all linear 0.5s;
  transition: all linear 0.5s;
}

.c0 .slick-slide:not(.slick-center) {
  -webkit-transform: scale(0.9);
  -ms-transform: scale(0.9);
  transform: scale(0.9);
}

.c0 .slick-dots {
  list-style: none;
  display: -webkit-box !important;
  display: -webkit-flex !important;
  display: -ms-flexbox !important;
  display: flex !important;
  -webkit-align-items: center;
  -webkit-box-align: center;
  -ms-flex-align: center;
  align-items: center;
  -webkit-box-pack: center;
  -webkit-justify-content: center;
  -ms-flex-pack: center;
  justify-content: center;
  width: 100%;
  gap: 2.4rem;
  margin-top: 4rem;
}

.c0 .slick-dots li {
  position: relative;
  background: transparent;
  width: 1rem;
  height: 1rem;
  border: 0.1rem solid #1affea;
  border-radius: 0.1rem;
  -webkit-transform: rotate(45deg);
  -ms-transform: rotate(45deg);
  transform: rotate(45deg);
  display: -webkit-box;
  display: -webkit-flex;
  display: -ms-flexbox;
  display: flex;
  -webkit-align-items: center;
  -webkit-box-align: center;
  -ms-flex-align: center;
  align-items: center;
  -webkit-box-pack: center;
  -webkit-justify-content: center;
  -ms-flex-pack: center;
  justify-content: center;
  cursor: pointer;
  -webkit-transition: all linear 0.3s;
  transition: all linear 0.3s;
}

.c0 .slick-dots li:hover,
.c0 .slick-dots li:focus {
  background: #1affea;
}

.c0 .slick-dots li.slick-active {
  background: #1affea;
}

.c0 .slick-dots li.slick-active::after {
  content: '';
  position: absolute;
  background: transparent;
  width: calc(1rem * 1.4);
  height: calc(1rem * 1.4);
  border: 0.1rem solid #1affea;
  border-radius: 0.1rem;
  box-shadow: 0 0 0.5rem #1affea;
}

.c0 .slick-dots button {
  opacity: 0;
  width: 1rem;
  height: 1rem;
  cursor: pointer;
}

.c10 {
  max-width: 129rem;
}

@media (min-width:768px) {
  .c1 {
    padding: 10rem 1.5rem;
  }
}

@media (min-width:1170px) {
  .c3 {
    margin-left: auto;
    margin-right: auto;
  }
}

@media (min-width:768px) {
  .c4 {
    font-size: 4.5rem;
    margin-bottom: 1.6rem;
  }
}

@media (min-width:768px) {
  .c5 {
    margin-bottom: 8.0rem;
  }
}

@media (min-width:768px) {
  .c6 {
    font-size: 5.0rem;
    text-align: center;
  }
}

@media (min-width:768px) {
  .c15 svg {
    width: 2rem;
  }
}

@media (max-width:768px) {
  .c15 {
    margin: 2rem 0 1rem 0;
  }
}

@media (min-width:768px) {
  .c12 {
    width: 41rem;
    gap: 3rem;
  }
}

@media (min-width:768px) {
  .c16 {
    font-size: 2.5rem;
    margin-bottom: 0;
  }
}

@media (min-width:768px) {
  .c0 {
    margin-bottom: 10rem;
  }
}

@media (min-width:1170px) {
  .c10 {
    margin-left: auto;
    margin-right: auto;
  }
}

<main
  class="c0"
>
  <div
    aria-label="Background"
    class="c1"
    src="/assets/img/slide-4.jpg"
  >
    <svg
      class="c2"
      viewBox="0 0 50 19"
      xmlns="http://www.w3.org/2000/svg"
    >
      <path
        d="M25.5 18.85C25.5 9.426 43 1.347 50 1.347V0H0v1.347c7 0 25.5 8.078 25.5 17.504Z"
        fill="currentColor"
      />
    </svg>
    <div
      class="c3"
    >
      <div
        class="react-reveal"
      >
        <h1
          class="c4"
        >
          O Que Dizem de Nós
        </h1>
      </div>
      <div
        class="react-reveal"
      >
        <div
          class="c5"
        >
          <h2
            class="c6"
          >
            Nossas Avaliações
            <div
              aria-label="LineTitle"
              class="c7"
            />
          </h2>
        </div>
      </div>
      <div
        class="react-reveal"
      >
        <p
          class="c8"
          color="white"
          data-testid="description"
        />
      </div>
      <div
        class="c9"
      />
    </div>
    <div
      class="c10"
    >
      <section
        class="c11"
      >
        <div
          class="slick-slider slick-initialized"
          dir="ltr"
        >
          <div
            class="slick-list"
            style="padding: 0px 0px;"
          >
            <div
              class="slick-track"
              style="opacity: 1; transform: translate3d(0px, 0px, 0px);"
            >
              <div
                aria-hidden="true"
                class="slick-slide slick-cloned"
                data-index="-4"
                style="width: 0px;"
                tabindex="-1"
              >
                <div>
                  <div
                    class="c12"
                  >
                    <svg
                      class="c13"
                      viewBox="0 0 19 53"
                      xmlns="http://www.w3.org/2000/svg"
                    >
                      <path
                        d="M.185 53 .06 1V0h18.815v53L9.53 41.406.185 53Z"
                        fill="currentColor"
                      />
                    </svg>
                    <p
                      class="c14"
                    >
                      Atentido por 
                      <span>
                        Fabrício
                      </span>
                    </p>
                    <div
                      class="c15"
                    >
                      <svg
                        aria-label="Star"
                        viewBox="0 0 194.22 184.73"
                        xmlns="http://www.w3.org/2000/svg"
                      >
                        <path
                          d="m157.096 184.718-60.01-31.565-60.025 31.542 11.476-66.828-48.546-47.34 67.103-9.737L97.115-.008l29.997 60.811 67.099 9.764-48.564 47.319z"
                          fill="currentColor"
                        />
                      </svg>
                      <svg
                        aria-label="Star"
                        viewBox="0 0 194.22 184.73"
                        xmlns="http://www.w3.org/2000/svg"
                      >
                        <path
                          d="m157.096 184.718-60.01-31.565-60.025 31.542 11.476-66.828-48.546-47.34 67.103-9.737L97.115-.008l29.997 60.811 67.099 9.764-48.564 47.319z"
                          fill="currentColor"
                        />
                      </svg>
                      <svg
                        aria-label="Star"
                        viewBox="0 0 194.22 184.73"
                        xmlns="http://www.w3.org/2000/svg"
                      >
                        <path
                          d="m157.096 184.718-60.01-31.565-60.025 31.542 11.476-66.828-48.546-47.34 67.103-9.737L97.115-.008l29.997 60.811 67.099 9.764-48.564 47.319z"
                          fill="currentColor"
                        />
                      </svg>
                      <svg
                        aria-label="Star"
                        viewBox="0 0 194.22 184.73"
                        xmlns="http://www.w3.org/2000/svg"
                      >
                        <path
                          d="m157.096 184.718-60.01-31.565-60.025 31.542 11.476-66.828-48.546-47.34 67.103-9.737L97.115-.008l29.997 60.811 67.099 9.764-48.564 47.319z"
                          fill="currentColor"
                        />
                      </svg>
                      <svg
                        aria-label="Star"
                        viewBox="0 0 194.22 184.73"
                        xmlns="http://www.w3.org/2000/svg"
                      >
                        <path
                          d="m157.096 184.718-60.01-31.565-60.025 31.542 11.476-66.828-48.546-47.34 67.103-9.737L97.115-.008l29.997 60.811 67.099 9.764-48.564 47.319z"
                          fill="currentColor"
                        />
                      </svg>
                    </div>
                    <h5
                      class="c16"
                    >
                      "It is a long established fact that a reader will be distracted by the readable content of a page when looking at its layout"
                    </h5>
                    <div
                      class="c17"
                    >
                      <div
                        aria-label="User image"
                        class="c18"
                      />
                      <p
                        aria-label="User name"
                        class="c19"
                      >
                        -gabriel guedes
                      </p>
                    </div>
                  </div>
                </div>
              </div>
              <div
                aria-hidden="true"
                class="slick-slide slick-cloned"
                data-index="-3"
                style="width: 0px;"
                tabindex="-1"
              >
                <div>
                  <div
                    class="c12"
                  >
                    <svg
                      class="c13"
                      viewBox="0 0 19 53"
                      xmlns="http://www.w3.org/2000/svg"
                    >
                      <path
                        d="M.185 53 .06 1V0h18.815v53L9.53 41.406.185 53Z"
                        fill="currentColor"
                      />
                    </svg>
                    <p
                      class="c14"
                    >
                      Atentido por 
                      <span>
                        Fabrício
                      </span>
                    </p>
                    <div
                      class="c15"
                    >
                      <svg
                        aria-label="Star"
                        viewBox="0 0 194.22 184.73"
                        xmlns="http://www.w3.org/2000/svg"
                      >
                        <path
                          d="m157.096 184.718-60.01-31.565-60.025 31.542 11.476-66.828-48.546-47.34 67.103-9.737L97.115-.008l29.997 60.811 67.099 9.764-48.564 47.319z"
                          fill="currentColor"
                        />
                      </svg>
                      <svg
                        aria-label="Star"
                        viewBox="0 0 194.22 184.73"
                        xmlns="http://www.w3.org/2000/svg"
                      >
                        <path
                          d="m157.096 184.718-60.01-31.565-60.025 31.542 11.476-66.828-48.546-47.34 67.103-9.737L97.115-.008l29.997 60.811 67.099 9.764-48.564 47.319z"
                          fill="currentColor"
                        />
                      </svg>
                      <svg
                        aria-label="Star"
                        viewBox="0 0 194.22 184.73"
                        xmlns="http://www.w3.org/2000/svg"
                      >
                        <path
                          d="m157.096 184.718-60.01-31.565-60.025 31.542 11.476-66.828-48.546-47.34 67.103-9.737L97.115-.008l29.997 60.811 67.099 9.764-48.564 47.319z"
                          fill="currentColor"
                        />
                      </svg>
                      <svg
                        aria-label="Star"
                        viewBox="0 0 194.22 184.73"
                        xmlns="http://www.w3.org/2000/svg"
                      >
                        <path
                          d="m157.096 184.718-60.01-31.565-60.025 31.542 11.476-66.828-48.546-47.34 67.103-9.737L97.115-.008l29.997 60.811 67.099 9.764-48.564 47.319z"
                          fill="currentColor"
                        />
                      </svg>
                      <svg
                        aria-label="Star"
                        viewBox="0 0 194.22 184.73"
                        xmlns="http://www.w3.org/2000/svg"
                      >
                        <path
                          d="m157.096 184.718-60.01-31.565-60.025 31.542 11.476-66.828-48.546-47.34 67.103-9.737L97.115-.008l29.997 60.811 67.099 9.764-48.564 47.319z"
                          fill="currentColor"
                        />
                      </svg>
                    </div>
                    <h5
                      class="c16"
                    >
                      "It is a long established fact that a reader will be distracted by the readable content of a page when looking at its layout"
                    </h5>
                    <div
                      class="c17"
                    >
                      <div
                        aria-label="User image"
                        class="c18"
                      />
                      <p
                        aria-label="User name"
                        class="c19"
                      >
                        -gabriel guedes
                      </p>
                    </div>
                  </div>
                </div>
              </div>
              <div
                aria-hidden="true"
                class="slick-slide slick-cloned"
                data-index="-2"
                style="width: 0px;"
                tabindex="-1"
              >
                <div>
                  <div
                    class="c12"
                  >
                    <svg
                      class="c13"
                      viewBox="0 0 19 53"
                      xmlns="http://www.w3.org/2000/svg"
                    >
                      <path
                        d="M.185 53 .06 1V0h18.815v53L9.53 41.406.185 53Z"
                        fill="currentColor"
                      />
                    </svg>
                    <p
                      class="c14"
                    >
                      Atentido por 
                      <span>
                        Fabrício
                      </span>
                    </p>
                    <div
                      class="c15"
                    >
                      <svg
                        aria-label="Star"
                        viewBox="0 0 194.22 184.73"
                        xmlns="http://www.w3.org/2000/svg"
                      >
                        <path
                          d="m157.096 184.718-60.01-31.565-60.025 31.542 11.476-66.828-48.546-47.34 67.103-9.737L97.115-.008l29.997 60.811 67.099 9.764-48.564 47.319z"
                          fill="currentColor"
                        />
                      </svg>
                      <svg
                        aria-label="Star"
                        viewBox="0 0 194.22 184.73"
                        xmlns="http://www.w3.org/2000/svg"
                      >
                        <path
                          d="m157.096 184.718-60.01-31.565-60.025 31.542 11.476-66.828-48.546-47.34 67.103-9.737L97.115-.008l29.997 60.811 67.099 9.764-48.564 47.319z"
                          fill="currentColor"
                        />
                      </svg>
                      <svg
                        aria-label="Star"
                        viewBox="0 0 194.22 184.73"
                        xmlns="http://www.w3.org/2000/svg"
                      >
                        <path
                          d="m157.096 184.718-60.01-31.565-60.025 31.542 11.476-66.828-48.546-47.34 67.103-9.737L97.115-.008l29.997 60.811 67.099 9.764-48.564 47.319z"
                          fill="currentColor"
                        />
                      </svg>
                      <svg
                        aria-label="Star"
                        viewBox="0 0 194.22 184.73"
                        xmlns="http://www.w3.org/2000/svg"
                      >
                        <path
                          d="m157.096 184.718-60.01-31.565-60.025 31.542 11.476-66.828-48.546-47.34 67.103-9.737L97.115-.008l29.997 60.811 67.099 9.764-48.564 47.319z"
                          fill="currentColor"
                        />
                      </svg>
                      <svg
                        aria-label="Star"
                        viewBox="0 0 194.22 184.73"
                        xmlns="http://www.w3.org/2000/svg"
                      >
                        <path
                          d="m157.096 184.718-60.01-31.565-60.025 31.542 11.476-66.828-48.546-47.34 67.103-9.737L97.115-.008l29.997 60.811 67.099 9.764-48.564 47.319z"
                          fill="currentColor"
                        />
                      </svg>
                    </div>
                    <h5
                      class="c16"
                    >
                      "It is a long established fact that a reader will be distracted by the readable content of a page when looking at its layout"
                    </h5>
                    <div
                      class="c17"
                    >
                      <div
                        aria-label="User image"
                        class="c18"
                      />
                      <p
                        aria-label="User name"
                        class="c19"
                      >
                        -gabriel guedes
                      </p>
                    </div>
                  </div>
                </div>
              </div>
              <div
                aria-hidden="false"
                class="slick-slide slick-active slick-cloned"
                data-index="-1"
                style="width: 0px;"
                tabindex="-1"
              >
                <div>
                  <div
                    class="c12"
                  >
                    <svg
                      class="c13"
                      viewBox="0 0 19 53"
                      xmlns="http://www.w3.org/2000/svg"
                    >
                      <path
                        d="M.185 53 .06 1V0h18.815v53L9.53 41.406.185 53Z"
                        fill="currentColor"
                      />
                    </svg>
                    <p
                      class="c14"
                    >
                      Atentido por 
                      <span>
                        Test
                      </span>
                    </p>
                    <div
                      class="c15"
                    >
                      <svg
                        aria-label="Star"
                        viewBox="0 0 194.22 184.73"
                        xmlns="http://www.w3.org/2000/svg"
                      >
                        <path
                          d="m157.096 184.718-60.01-31.565-60.025 31.542 11.476-66.828-48.546-47.34 67.103-9.737L97.115-.008l29.997 60.811 67.099 9.764-48.564 47.319z"
                          fill="currentColor"
                        />
                      </svg>
                      <svg
                        aria-label="Star"
                        viewBox="0 0 194.22 184.73"
                        xmlns="http://www.w3.org/2000/svg"
                      >
                        <path
                          d="m157.096 184.718-60.01-31.565-60.025 31.542 11.476-66.828-48.546-47.34 67.103-9.737L97.115-.008l29.997 60.811 67.099 9.764-48.564 47.319z"
                          fill="currentColor"
                        />
                      </svg>
                      <svg
                        aria-label="Star"
                        viewBox="0 0 194.22 184.73"
                        xmlns="http://www.w3.org/2000/svg"
                      >
                        <path
                          d="m157.096 184.718-60.01-31.565-60.025 31.542 11.476-66.828-48.546-47.34 67.103-9.737L97.115-.008l29.997 60.811 67.099 9.764-48.564 47.319z"
                          fill="currentColor"
                        />
                      </svg>
                      <svg
                        aria-label="Star"
                        viewBox="0 0 194.22 184.73"
                        xmlns="http://www.w3.org/2000/svg"
                      >
                        <path
                          d="m157.096 184.718-60.01-31.565-60.025 31.542 11.476-66.828-48.546-47.34 67.103-9.737L97.115-.008l29.997 60.811 67.099 9.764-48.564 47.319z"
                          fill="currentColor"
                        />
                      </svg>
                      <svg
                        aria-label="Star"
                        viewBox="0 0 194.22 184.73"
                        xmlns="http://www.w3.org/2000/svg"
                      >
                        <path
                          d="m157.096 184.718-60.01-31.565-60.025 31.542 11.476-66.828-48.546-47.34 67.103-9.737L97.115-.008l29.997 60.811 67.099 9.764-48.564 47.319z"
                          fill="currentColor"
                        />
                      </svg>
                    </div>
                    <h5
                      class="c16"
                    >
                      "It is a long established fact that a reader will be distracted by the readable content of a page when looking at its layout"
                    </h5>
                    <div
                      class="c17"
                    >
                      <div
                        aria-label="User image"
                        class="c18"
                      />
                      <p
                        aria-label="User name"
                        class="c19"
                      >
                        -gabriel guedes
                      </p>
                    </div>
                  </div>
                </div>
              </div>
              <div
                aria-hidden="false"
                class="slick-slide slick-active slick-center slick-current"
                data-index="0"
                style="outline: none; width: 0px;"
                tabindex="-1"
              >
                <div>
                  <div
                    class="c12"
                  >
                    <svg
                      class="c13"
                      viewBox="0 0 19 53"
                      xmlns="http://www.w3.org/2000/svg"
                    >
                      <path
                        d="M.185 53 .06 1V0h18.815v53L9.53 41.406.185 53Z"
                        fill="currentColor"
                      />
                    </svg>
                    <p
                      class="c14"
                    >
                      Atentido por 
                      <span>
                        cleber
                      </span>
                    </p>
                    <div
                      class="c15"
                    >
                      <svg
                        aria-label="Star"
                        viewBox="0 0 194.22 184.73"
                        xmlns="http://www.w3.org/2000/svg"
                      >
                        <path
                          d="m157.096 184.718-60.01-31.565-60.025 31.542 11.476-66.828-48.546-47.34 67.103-9.737L97.115-.008l29.997 60.811 67.099 9.764-48.564 47.319z"
                          fill="currentColor"
                        />
                      </svg>
                      <svg
                        aria-label="Star"
                        viewBox="0 0 194.22 184.73"
                        xmlns="http://www.w3.org/2000/svg"
                      >
                        <path
                          d="m157.096 184.718-60.01-31.565-60.025 31.542 11.476-66.828-48.546-47.34 67.103-9.737L97.115-.008l29.997 60.811 67.099 9.764-48.564 47.319z"
                          fill="currentColor"
                        />
                      </svg>
                      <svg
                        aria-label="Star"
                        viewBox="0 0 194.22 184.73"
                        xmlns="http://www.w3.org/2000/svg"
                      >
                        <path
                          d="m157.096 184.718-60.01-31.565-60.025 31.542 11.476-66.828-48.546-47.34 67.103-9.737L97.115-.008l29.997 60.811 67.099 9.764-48.564 47.319z"
                          fill="currentColor"
                        />
                      </svg>
                      <svg
                        aria-label="Star"
                        viewBox="0 0 194.22 184.73"
                        xmlns="http://www.w3.org/2000/svg"
                      >
                        <path
                          d="m157.096 184.718-60.01-31.565-60.025 31.542 11.476-66.828-48.546-47.34 67.103-9.737L97.115-.008l29.997 60.811 67.099 9.764-48.564 47.319z"
                          fill="currentColor"
                        />
                      </svg>
                      <svg
                        aria-label="Star"
                        viewBox="0 0 194.22 184.73"
                        xmlns="http://www.w3.org/2000/svg"
                      >
                        <path
                          d="m157.096 184.718-60.01-31.565-60.025 31.542 11.476-66.828-48.546-47.34 67.103-9.737L97.115-.008l29.997 60.811 67.099 9.764-48.564 47.319z"
                          fill="currentColor"
                        />
                      </svg>
                    </div>
                    <h5
                      class="c16"
                    >
                      "It is a long established fact that a reader will be distracted by the readable content of a page when looking at its layout"
                    </h5>
                    <div
                      class="c17"
                    >
                      <div
                        aria-label="User image"
                        class="c18"
                      />
                      <p
                        aria-label="User name"
                        class="c19"
                      >
                        -gabriel guedes
                      </p>
                    </div>
                  </div>
                </div>
              </div>
              <div
                aria-hidden="false"
                class="slick-slide slick-active"
                data-index="1"
                style="outline: none; width: 0px;"
                tabindex="-1"
              >
                <div>
                  <div
                    class="c12"
                  >
                    <svg
                      class="c13"
                      viewBox="0 0 19 53"
                      xmlns="http://www.w3.org/2000/svg"
                    >
                      <path
                        d="M.185 53 .06 1V0h18.815v53L9.53 41.406.185 53Z"
                        fill="currentColor"
                      />
                    </svg>
                    <p
                      class="c14"
                    >
                      Atentido por 
                      <span>
                        Luan
                      </span>
                    </p>
                    <div
                      class="c15"
                    >
                      <svg
                        aria-label="Star"
                        viewBox="0 0 194.22 184.73"
                        xmlns="http://www.w3.org/2000/svg"
                      >
                        <path
                          d="m157.096 184.718-60.01-31.565-60.025 31.542 11.476-66.828-48.546-47.34 67.103-9.737L97.115-.008l29.997 60.811 67.099 9.764-48.564 47.319z"
                          fill="currentColor"
                        />
                      </svg>
                      <svg
                        aria-label="Star"
                        viewBox="0 0 194.22 184.73"
                        xmlns="http://www.w3.org/2000/svg"
                      >
                        <path
                          d="m157.096 184.718-60.01-31.565-60.025 31.542 11.476-66.828-48.546-47.34 67.103-9.737L97.115-.008l29.997 60.811 67.099 9.764-48.564 47.319z"
                          fill="currentColor"
                        />
                      </svg>
                      <svg
                        aria-label="Star"
                        viewBox="0 0 194.22 184.73"
                        xmlns="http://www.w3.org/2000/svg"
                      >
                        <path
                          d="m157.096 184.718-60.01-31.565-60.025 31.542 11.476-66.828-48.546-47.34 67.103-9.737L97.115-.008l29.997 60.811 67.099 9.764-48.564 47.319z"
                          fill="currentColor"
                        />
                      </svg>
                      <svg
                        aria-label="Star"
                        viewBox="0 0 194.22 184.73"
                        xmlns="http://www.w3.org/2000/svg"
                      >
                        <path
                          d="m157.096 184.718-60.01-31.565-60.025 31.542 11.476-66.828-48.546-47.34 67.103-9.737L97.115-.008l29.997 60.811 67.099 9.764-48.564 47.319z"
                          fill="currentColor"
                        />
                      </svg>
                      <svg
                        aria-label="Star"
                        viewBox="0 0 194.22 184.73"
                        xmlns="http://www.w3.org/2000/svg"
                      >
                        <path
                          d="m157.096 184.718-60.01-31.565-60.025 31.542 11.476-66.828-48.546-47.34 67.103-9.737L97.115-.008l29.997 60.811 67.099 9.764-48.564 47.319z"
                          fill="currentColor"
                        />
                      </svg>
                    </div>
                    <h5
                      class="c16"
                    >
                      "It is a long established fact that a reader will be distracted by the readable content of a page when looking at its layout"
                    </h5>
                    <div
                      class="c17"
                    >
                      <div
                        aria-label="User image"
                        class="c18"
                      />
                      <p
                        aria-label="User name"
                        class="c19"
                      >
                        -gabriel guedes
                      </p>
                    </div>
                  </div>
                </div>
              </div>
              <div
                aria-hidden="true"
                class="slick-slide"
                data-index="2"
                style="outline: none; width: 0px;"
                tabindex="-1"
              >
                <div>
                  <div
                    class="c12"
                  >
                    <svg
                      class="c13"
                      viewBox="0 0 19 53"
                      xmlns="http://www.w3.org/2000/svg"
                    >
                      <path
                        d="M.185 53 .06 1V0h18.815v53L9.53 41.406.185 53Z"
                        fill="currentColor"
                      />
                    </svg>
                    <p
                      class="c14"
                    >
                      Atentido por 
                      <span>
                        Fabrício
                      </span>
                    </p>
                    <div
                      class="c15"
                    >
                      <svg
                        aria-label="Star"
                        viewBox="0 0 194.22 184.73"
                        xmlns="http://www.w3.org/2000/svg"
                      >
                        <path
                          d="m157.096 184.718-60.01-31.565-60.025 31.542 11.476-66.828-48.546-47.34 67.103-9.737L97.115-.008l29.997 60.811 67.099 9.764-48.564 47.319z"
                          fill="currentColor"
                        />
                      </svg>
                      <svg
                        aria-label="Star"
                        viewBox="0 0 194.22 184.73"
                        xmlns="http://www.w3.org/2000/svg"
                      >
                        <path
                          d="m157.096 184.718-60.01-31.565-60.025 31.542 11.476-66.828-48.546-47.34 67.103-9.737L97.115-.008l29.997 60.811 67.099 9.764-48.564 47.319z"
                          fill="currentColor"
                        />
                      </svg>
                      <svg
                        aria-label="Star"
                        viewBox="0 0 194.22 184.73"
                        xmlns="http://www.w3.org/2000/svg"
                      >
                        <path
                          d="m157.096 184.718-60.01-31.565-60.025 31.542 11.476-66.828-48.546-47.34 67.103-9.737L97.115-.008l29.997 60.811 67.099 9.764-48.564 47.319z"
                          fill="currentColor"
                        />
                      </svg>
                      <svg
                        aria-label="Star"
                        viewBox="0 0 194.22 184.73"
                        xmlns="http://www.w3.org/2000/svg"
                      >
                        <path
                          d="m157.096 184.718-60.01-31.565-60.025 31.542 11.476-66.828-48.546-47.34 67.103-9.737L97.115-.008l29.997 60.811 67.099 9.764-48.564 47.319z"
                          fill="currentColor"
                        />
                      </svg>
                      <svg
                        aria-label="Star"
                        viewBox="0 0 194.22 184.73"
                        xmlns="http://www.w3.org/2000/svg"
                      >
                        <path
                          d="m157.096 184.718-60.01-31.565-60.025 31.542 11.476-66.828-48.546-47.34 67.103-9.737L97.115-.008l29.997 60.811 67.099 9.764-48.564 47.319z"
                          fill="currentColor"
                        />
                      </svg>
                    </div>
                    <h5
                      class="c16"
                    >
                      "It is a long established fact that a reader will be distracted by the readable content of a page when looking at its layout"
                    </h5>
                    <div
                      class="c17"
                    >
                      <div
                        aria-label="User image"
                        class="c18"
                      />
                      <p
                        aria-label="User name"
                        class="c19"
                      >
                        -gabriel guedes
                      </p>
                    </div>
                  </div>
                </div>
              </div>
              <div
                aria-hidden="true"
                class="slick-slide"
                data-index="3"
                style="outline: none; width: 0px;"
                tabindex="-1"
              >
                <div>
                  <div
                    class="c12"
                  >
                    <svg
                      class="c13"
                      viewBox="0 0 19 53"
                      xmlns="http://www.w3.org/2000/svg"
                    >
                      <path
                        d="M.185 53 .06 1V0h18.815v53L9.53 41.406.185 53Z"
                        fill="currentColor"
                      />
                    </svg>
                    <p
                      class="c14"
                    >
                      Atentido por 
                      <span>
                        Fabrício
                      </span>
                    </p>
                    <div
                      class="c15"
                    >
                      <svg
                        aria-label="Star"
                        viewBox="0 0 194.22 184.73"
                        xmlns="http://www.w3.org/2000/svg"
                      >
                        <path
                          d="m157.096 184.718-60.01-31.565-60.025 31.542 11.476-66.828-48.546-47.34 67.103-9.737L97.115-.008l29.997 60.811 67.099 9.764-48.564 47.319z"
                          fill="currentColor"
                        />
                      </svg>
                      <svg
                        aria-label="Star"
                        viewBox="0 0 194.22 184.73"
                        xmlns="http://www.w3.org/2000/svg"
                      >
                        <path
                          d="m157.096 184.718-60.01-31.565-60.025 31.542 11.476-66.828-48.546-47.34 67.103-9.737L97.115-.008l29.997 60.811 67.099 9.764-48.564 47.319z"
                          fill="currentColor"
                        />
                      </svg>
                      <svg
                        aria-label="Star"
                        viewBox="0 0 194.22 184.73"
                        xmlns="http://www.w3.org/2000/svg"
                      >
                        <path
                          d="m157.096 184.718-60.01-31.565-60.025 31.542 11.476-66.828-48.546-47.34 67.103-9.737L97.115-.008l29.997 60.811 67.099 9.764-48.564 47.319z"
                          fill="currentColor"
                        />
                      </svg>
                      <svg
                        aria-label="Star"
                        viewBox="0 0 194.22 184.73"
                        xmlns="http://www.w3.org/2000/svg"
                      >
                        <path
                          d="m157.096 184.718-60.01-31.565-60.025 31.542 11.476-66.828-48.546-47.34 67.103-9.737L97.115-.008l29.997 60.811 67.099 9.764-48.564 47.319z"
                          fill="currentColor"
                        />
                      </svg>
                      <svg
                        aria-label="Star"
                        viewBox="0 0 194.22 184.73"
                        xmlns="http://www.w3.org/2000/svg"
                      >
                        <path
                          d="m157.096 184.718-60.01-31.565-60.025 31.542 11.476-66.828-48.546-47.34 67.103-9.737L97.115-.008l29.997 60.811 67.099 9.764-48.564 47.319z"
                          fill="currentColor"
                        />
                      </svg>
                    </div>
                    <h5
                      class="c16"
                    >
                      "It is a long established fact that a reader will be distracted by the readable content of a page when looking at its layout"
                    </h5>
                    <div
                      class="c17"
                    >
                      <div
                        aria-label="User image"
                        class="c18"
                      />
                      <p
                        aria-label="User name"
                        class="c19"
                      >
                        -gabriel guedes
                      </p>
                    </div>
                  </div>
                </div>
              </div>
              <div
                aria-hidden="true"
                class="slick-slide"
                data-index="4"
                style="outline: none; width: 0px;"
                tabindex="-1"
              >
                <div>
                  <div
                    class="c12"
                  >
                    <svg
                      class="c13"
                      viewBox="0 0 19 53"
                      xmlns="http://www.w3.org/2000/svg"
                    >
                      <path
                        d="M.185 53 .06 1V0h18.815v53L9.53 41.406.185 53Z"
                        fill="currentColor"
                      />
                    </svg>
                    <p
                      class="c14"
                    >
                      Atentido por 
                      <span>
                        Fabrício
                      </span>
                    </p>
                    <div
                      class="c15"
                    >
                      <svg
                        aria-label="Star"
                        viewBox="0 0 194.22 184.73"
                        xmlns="http://www.w3.org/2000/svg"
                      >
                        <path
                          d="m157.096 184.718-60.01-31.565-60.025 31.542 11.476-66.828-48.546-47.34 67.103-9.737L97.115-.008l29.997 60.811 67.099 9.764-48.564 47.319z"
                          fill="currentColor"
                        />
                      </svg>
                      <svg
                        aria-label="Star"
                        viewBox="0 0 194.22 184.73"
                        xmlns="http://www.w3.org/2000/svg"
                      >
                        <path
                          d="m157.096 184.718-60.01-31.565-60.025 31.542 11.476-66.828-48.546-47.34 67.103-9.737L97.115-.008l29.997 60.811 67.099 9.764-48.564 47.319z"
                          fill="currentColor"
                        />
                      </svg>
                      <svg
                        aria-label="Star"
                        viewBox="0 0 194.22 184.73"
                        xmlns="http://www.w3.org/2000/svg"
                      >
                        <path
                          d="m157.096 184.718-60.01-31.565-60.025 31.542 11.476-66.828-48.546-47.34 67.103-9.737L97.115-.008l29.997 60.811 67.099 9.764-48.564 47.319z"
                          fill="currentColor"
                        />
                      </svg>
                      <svg
                        aria-label="Star"
                        viewBox="0 0 194.22 184.73"
                        xmlns="http://www.w3.org/2000/svg"
                      >
                        <path
                          d="m157.096 184.718-60.01-31.565-60.025 31.542 11.476-66.828-48.546-47.34 67.103-9.737L97.115-.008l29.997 60.811 67.099 9.764-48.564 47.319z"
                          fill="currentColor"
                        />
                      </svg>
                      <svg
                        aria-label="Star"
                        viewBox="0 0 194.22 184.73"
                        xmlns="http://www.w3.org/2000/svg"
                      >
                        <path
                          d="m157.096 184.718-60.01-31.565-60.025 31.542 11.476-66.828-48.546-47.34 67.103-9.737L97.115-.008l29.997 60.811 67.099 9.764-48.564 47.319z"
                          fill="currentColor"
                        />
                      </svg>
                    </div>
                    <h5
                      class="c16"
                    >
                      "It is a long established fact that a reader will be distracted by the readable content of a page when looking at its layout"
                    </h5>
                    <div
                      class="c17"
                    >
                      <div
                        aria-label="User image"
                        class="c18"
                      />
                      <p
                        aria-label="User name"
                        class="c19"
                      >
                        -gabriel guedes
                      </p>
                    </div>
                  </div>
                </div>
              </div>
              <div
                aria-hidden="true"
                class="slick-slide"
                data-index="5"
                style="outline: none; width: 0px;"
                tabindex="-1"
              >
                <div>
                  <div
                    class="c12"
                  >
                    <svg
                      class="c13"
                      viewBox="0 0 19 53"
                      xmlns="http://www.w3.org/2000/svg"
                    >
                      <path
                        d="M.185 53 .06 1V0h18.815v53L9.53 41.406.185 53Z"
                        fill="currentColor"
                      />
                    </svg>
                    <p
                      class="c14"
                    >
                      Atentido por 
                      <span>
                        Test
                      </span>
                    </p>
                    <div
                      class="c15"
                    >
                      <svg
                        aria-label="Star"
                        viewBox="0 0 194.22 184.73"
                        xmlns="http://www.w3.org/2000/svg"
                      >
                        <path
                          d="m157.096 184.718-60.01-31.565-60.025 31.542 11.476-66.828-48.546-47.34 67.103-9.737L97.115-.008l29.997 60.811 67.099 9.764-48.564 47.319z"
                          fill="currentColor"
                        />
                      </svg>
                      <svg
                        aria-label="Star"
                        viewBox="0 0 194.22 184.73"
                        xmlns="http://www.w3.org/2000/svg"
                      >
                        <path
                          d="m157.096 184.718-60.01-31.565-60.025 31.542 11.476-66.828-48.546-47.34 67.103-9.737L97.115-.008l29.997 60.811 67.099 9.764-48.564 47.319z"
                          fill="currentColor"
                        />
                      </svg>
                      <svg
                        aria-label="Star"
                        viewBox="0 0 194.22 184.73"
                        xmlns="http://www.w3.org/2000/svg"
                      >
                        <path
                          d="m157.096 184.718-60.01-31.565-60.025 31.542 11.476-66.828-48.546-47.34 67.103-9.737L97.115-.008l29.997 60.811 67.099 9.764-48.564 47.319z"
                          fill="currentColor"
                        />
                      </svg>
                      <svg
                        aria-label="Star"
                        viewBox="0 0 194.22 184.73"
                        xmlns="http://www.w3.org/2000/svg"
                      >
                        <path
                          d="m157.096 184.718-60.01-31.565-60.025 31.542 11.476-66.828-48.546-47.34 67.103-9.737L97.115-.008l29.997 60.811 67.099 9.764-48.564 47.319z"
                          fill="currentColor"
                        />
                      </svg>
                      <svg
                        aria-label="Star"
                        viewBox="0 0 194.22 184.73"
                        xmlns="http://www.w3.org/2000/svg"
                      >
                        <path
                          d="m157.096 184.718-60.01-31.565-60.025 31.542 11.476-66.828-48.546-47.34 67.103-9.737L97.115-.008l29.997 60.811 67.099 9.764-48.564 47.319z"
                          fill="currentColor"
                        />
                      </svg>
                    </div>
                    <h5
                      class="c16"
                    >
                      "It is a long established fact that a reader will be distracted by the readable content of a page when looking at its layout"
                    </h5>
                    <div
                      class="c17"
                    >
                      <div
                        aria-label="User image"
                        class="c18"
                      />
                      <p
                        aria-label="User name"
                        class="c19"
                      >
                        -gabriel guedes
                      </p>
                    </div>
                  </div>
                </div>
              </div>
              <div
                aria-hidden="true"
                class="slick-slide slick-center slick-cloned"
                data-index="6"
                style="width: 0px;"
                tabindex="-1"
              >
                <div>
                  <div
                    class="c12"
                  >
                    <svg
                      class="c13"
                      viewBox="0 0 19 53"
                      xmlns="http://www.w3.org/2000/svg"
                    >
                      <path
                        d="M.185 53 .06 1V0h18.815v53L9.53 41.406.185 53Z"
                        fill="currentColor"
                      />
                    </svg>
                    <p
                      class="c14"
                    >
                      Atentido por 
                      <span>
                        cleber
                      </span>
                    </p>
                    <div
                      class="c15"
                    >
                      <svg
                        aria-label="Star"
                        viewBox="0 0 194.22 184.73"
                        xmlns="http://www.w3.org/2000/svg"
                      >
                        <path
                          d="m157.096 184.718-60.01-31.565-60.025 31.542 11.476-66.828-48.546-47.34 67.103-9.737L97.115-.008l29.997 60.811 67.099 9.764-48.564 47.319z"
                          fill="currentColor"
                        />
                      </svg>
                      <svg
                        aria-label="Star"
                        viewBox="0 0 194.22 184.73"
                        xmlns="http://www.w3.org/2000/svg"
                      >
                        <path
                          d="m157.096 184.718-60.01-31.565-60.025 31.542 11.476-66.828-48.546-47.34 67.103-9.737L97.115-.008l29.997 60.811 67.099 9.764-48.564 47.319z"
                          fill="currentColor"
                        />
                      </svg>
                      <svg
                        aria-label="Star"
                        viewBox="0 0 194.22 184.73"
                        xmlns="http://www.w3.org/2000/svg"
                      >
                        <path
                          d="m157.096 184.718-60.01-31.565-60.025 31.542 11.476-66.828-48.546-47.34 67.103-9.737L97.115-.008l29.997 60.811 67.099 9.764-48.564 47.319z"
                          fill="currentColor"
                        />
                      </svg>
                      <svg
                        aria-label="Star"
                        viewBox="0 0 194.22 184.73"
                        xmlns="http://www.w3.org/2000/svg"
                      >
                        <path
                          d="m157.096 184.718-60.01-31.565-60.025 31.542 11.476-66.828-48.546-47.34 67.103-9.737L97.115-.008l29.997 60.811 67.099 9.764-48.564 47.319z"
                          fill="currentColor"
                        />
                      </svg>
                      <svg
                        aria-label="Star"
                        viewBox="0 0 194.22 184.73"
                        xmlns="http://www.w3.org/2000/svg"
                      >
                        <path
                          d="m157.096 184.718-60.01-31.565-60.025 31.542 11.476-66.828-48.546-47.34 67.103-9.737L97.115-.008l29.997 60.811 67.099 9.764-48.564 47.319z"
                          fill="currentColor"
                        />
                      </svg>
                    </div>
                    <h5
                      class="c16"
                    >
                      "It is a long established fact that a reader will be distracted by the readable content of a page when looking at its layout"
                    </h5>
                    <div
                      class="c17"
                    >
                      <div
                        aria-label="User image"
                        class="c18"
                      />
                      <p
                        aria-label="User name"
                        class="c19"
                      >
                        -gabriel guedes
                      </p>
                    </div>
                  </div>
                </div>
              </div>
              <div
                aria-hidden="true"
                class="slick-slide slick-cloned"
                data-index="7"
                style="width: 0px;"
                tabindex="-1"
              >
                <div>
                  <div
                    class="c12"
                  >
                    <svg
                      class="c13"
                      viewBox="0 0 19 53"
                      xmlns="http://www.w3.org/2000/svg"
                    >
                      <path
                        d="M.185 53 .06 1V0h18.815v53L9.53 41.406.185 53Z"
                        fill="currentColor"
                      />
                    </svg>
                    <p
                      class="c14"
                    >
                      Atentido por 
                      <span>
                        Luan
                      </span>
                    </p>
                    <div
                      class="c15"
                    >
                      <svg
                        aria-label="Star"
                        viewBox="0 0 194.22 184.73"
                        xmlns="http://www.w3.org/2000/svg"
                      >
                        <path
                          d="m157.096 184.718-60.01-31.565-60.025 31.542 11.476-66.828-48.546-47.34 67.103-9.737L97.115-.008l29.997 60.811 67.099 9.764-48.564 47.319z"
                          fill="currentColor"
                        />
                      </svg>
                      <svg
                        aria-label="Star"
                        viewBox="0 0 194.22 184.73"
                        xmlns="http://www.w3.org/2000/svg"
                      >
                        <path
                          d="m157.096 184.718-60.01-31.565-60.025 31.542 11.476-66.828-48.546-47.34 67.103-9.737L97.115-.008l29.997 60.811 67.099 9.764-48.564 47.319z"
                          fill="currentColor"
                        />
                      </svg>
                      <svg
                        aria-label="Star"
                        viewBox="0 0 194.22 184.73"
                        xmlns="http://www.w3.org/2000/svg"
                      >
                        <path
                          d="m157.096 184.718-60.01-31.565-60.025 31.542 11.476-66.828-48.546-47.34 67.103-9.737L97.115-.008l29.997 60.811 67.099 9.764-48.564 47.319z"
                          fill="currentColor"
                        />
                      </svg>
                      <svg
                        aria-label="Star"
                        viewBox="0 0 194.22 184.73"
                        xmlns="http://www.w3.org/2000/svg"
                      >
                        <path
                          d="m157.096 184.718-60.01-31.565-60.025 31.542 11.476-66.828-48.546-47.34 67.103-9.737L97.115-.008l29.997 60.811 67.099 9.764-48.564 47.319z"
                          fill="currentColor"
                        />
                      </svg>
                      <svg
                        aria-label="Star"
                        viewBox="0 0 194.22 184.73"
                        xmlns="http://www.w3.org/2000/svg"
                      >
                        <path
                          d="m157.096 184.718-60.01-31.565-60.025 31.542 11.476-66.828-48.546-47.34 67.103-9.737L97.115-.008l29.997 60.811 67.099 9.764-48.564 47.319z"
                          fill="currentColor"
                        />
                      </svg>
                    </div>
                    <h5
                      class="c16"
                    >
                      "It is a long established fact that a reader will be distracted by the readable content of a page when looking at its layout"
                    </h5>
                    <div
                      class="c17"
                    >
                      <div
                        aria-label="User image"
                        class="c18"
                      />
                      <p
                        aria-label="User name"
                        class="c19"
                      >
                        -gabriel guedes
                      </p>
                    </div>
                  </div>
                </div>
              </div>
              <div
                aria-hidden="true"
                class="slick-slide slick-cloned"
                data-index="8"
                style="width: 0px;"
                tabindex="-1"
              >
                <div>
                  <div
                    class="c12"
                  >
                    <svg
                      class="c13"
                      viewBox="0 0 19 53"
                      xmlns="http://www.w3.org/2000/svg"
                    >
                      <path
                        d="M.185 53 .06 1V0h18.815v53L9.53 41.406.185 53Z"
                        fill="currentColor"
                      />
                    </svg>
                    <p
                      class="c14"
                    >
                      Atentido por 
                      <span>
                        Fabrício
                      </span>
                    </p>
                    <div
                      class="c15"
                    >
                      <svg
                        aria-label="Star"
                        viewBox="0 0 194.22 184.73"
                        xmlns="http://www.w3.org/2000/svg"
                      >
                        <path
                          d="m157.096 184.718-60.01-31.565-60.025 31.542 11.476-66.828-48.546-47.34 67.103-9.737L97.115-.008l29.997 60.811 67.099 9.764-48.564 47.319z"
                          fill="currentColor"
                        />
                      </svg>
                      <svg
                        aria-label="Star"
                        viewBox="0 0 194.22 184.73"
                        xmlns="http://www.w3.org/2000/svg"
                      >
                        <path
                          d="m157.096 184.718-60.01-31.565-60.025 31.542 11.476-66.828-48.546-47.34 67.103-9.737L97.115-.008l29.997 60.811 67.099 9.764-48.564 47.319z"
                          fill="currentColor"
                        />
                      </svg>
                      <svg
                        aria-label="Star"
                        viewBox="0 0 194.22 184.73"
                        xmlns="http://www.w3.org/2000/svg"
                      >
                        <path
                          d="m157.096 184.718-60.01-31.565-60.025 31.542 11.476-66.828-48.546-47.34 67.103-9.737L97.115-.008l29.997 60.811 67.099 9.764-48.564 47.319z"
                          fill="currentColor"
                        />
                      </svg>
                      <svg
                        aria-label="Star"
                        viewBox="0 0 194.22 184.73"
                        xmlns="http://www.w3.org/2000/svg"
                      >
                        <path
                          d="m157.096 184.718-60.01-31.565-60.025 31.542 11.476-66.828-48.546-47.34 67.103-9.737L97.115-.008l29.997 60.811 67.099 9.764-48.564 47.319z"
                          fill="currentColor"
                        />
                      </svg>
                      <svg
                        aria-label="Star"
                        viewBox="0 0 194.22 184.73"
                        xmlns="http://www.w3.org/2000/svg"
                      >
                        <path
                          d="m157.096 184.718-60.01-31.565-60.025 31.542 11.476-66.828-48.546-47.34 67.103-9.737L97.115-.008l29.997 60.811 67.099 9.764-48.564 47.319z"
                          fill="currentColor"
                        />
                      </svg>
                    </div>
                    <h5
                      class="c16"
                    >
                      "It is a long established fact that a reader will be distracted by the readable content of a page when looking at its layout"
                    </h5>
                    <div
                      class="c17"
                    >
                      <div
                        aria-label="User image"
                        class="c18"
                      />
                      <p
                        aria-label="User name"
                        class="c19"
                      >
                        -gabriel guedes
                      </p>
                    </div>
                  </div>
                </div>
              </div>
              <div
                aria-hidden="true"
                class="slick-slide slick-cloned"
                data-index="9"
                style="width: 0px;"
                tabindex="-1"
              >
                <div>
                  <div
                    class="c12"
                  >
                    <svg
                      class="c13"
                      viewBox="0 0 19 53"
                      xmlns="http://www.w3.org/2000/svg"
                    >
                      <path
                        d="M.185 53 .06 1V0h18.815v53L9.53 41.406.185 53Z"
                        fill="currentColor"
                      />
                    </svg>
                    <p
                      class="c14"
                    >
                      Atentido por 
                      <span>
                        Fabrício
                      </span>
                    </p>
                    <div
                      class="c15"
                    >
                      <svg
                        aria-label="Star"
                        viewBox="0 0 194.22 184.73"
                        xmlns="http://www.w3.org/2000/svg"
                      >
                        <path
                          d="m157.096 184.718-60.01-31.565-60.025 31.542 11.476-66.828-48.546-47.34 67.103-9.737L97.115-.008l29.997 60.811 67.099 9.764-48.564 47.319z"
                          fill="currentColor"
                        />
                      </svg>
                      <svg
                        aria-label="Star"
                        viewBox="0 0 194.22 184.73"
                        xmlns="http://www.w3.org/2000/svg"
                      >
                        <path
                          d="m157.096 184.718-60.01-31.565-60.025 31.542 11.476-66.828-48.546-47.34 67.103-9.737L97.115-.008l29.997 60.811 67.099 9.764-48.564 47.319z"
                          fill="currentColor"
                        />
                      </svg>
                      <svg
                        aria-label="Star"
                        viewBox="0 0 194.22 184.73"
                        xmlns="http://www.w3.org/2000/svg"
                      >
                        <path
                          d="m157.096 184.718-60.01-31.565-60.025 31.542 11.476-66.828-48.546-47.34 67.103-9.737L97.115-.008l29.997 60.811 67.099 9.764-48.564 47.319z"
                          fill="currentColor"
                        />
                      </svg>
                      <svg
                        aria-label="Star"
                        viewBox="0 0 194.22 184.73"
                        xmlns="http://www.w3.org/2000/svg"
                      >
                        <path
                          d="m157.096 184.718-60.01-31.565-60.025 31.542 11.476-66.828-48.546-47.34 67.103-9.737L97.115-.008l29.997 60.811 67.099 9.764-48.564 47.319z"
                          fill="currentColor"
                        />
                      </svg>
                      <svg
                        aria-label="Star"
                        viewBox="0 0 194.22 184.73"
                        xmlns="http://www.w3.org/2000/svg"
                      >
                        <path
                          d="m157.096 184.718-60.01-31.565-60.025 31.542 11.476-66.828-48.546-47.34 67.103-9.737L97.115-.008l29.997 60.811 67.099 9.764-48.564 47.319z"
                          fill="currentColor"
                        />
                      </svg>
                    </div>
                    <h5
                      class="c16"
                    >
                      "It is a long established fact that a reader will be distracted by the readable content of a page when looking at its layout"
                    </h5>
                    <div
                      class="c17"
                    >
                      <div
                        aria-label="User image"
                        class="c18"
                      />
                      <p
                        aria-label="User name"
                        class="c19"
                      >
                        -gabriel guedes
                      </p>
                    </div>
                  </div>
                </div>
              </div>
              <div
                aria-hidden="true"
                class="slick-slide slick-cloned"
                data-index="10"
                style="width: 0px;"
                tabindex="-1"
              >
                <div>
                  <div
                    class="c12"
                  >
                    <svg
                      class="c13"
                      viewBox="0 0 19 53"
                      xmlns="http://www.w3.org/2000/svg"
                    >
                      <path
                        d="M.185 53 .06 1V0h18.815v53L9.53 41.406.185 53Z"
                        fill="currentColor"
                      />
                    </svg>
                    <p
                      class="c14"
                    >
                      Atentido por 
                      <span>
                        Fabrício
                      </span>
                    </p>
                    <div
                      class="c15"
                    >
                      <svg
                        aria-label="Star"
                        viewBox="0 0 194.22 184.73"
                        xmlns="http://www.w3.org/2000/svg"
                      >
                        <path
                          d="m157.096 184.718-60.01-31.565-60.025 31.542 11.476-66.828-48.546-47.34 67.103-9.737L97.115-.008l29.997 60.811 67.099 9.764-48.564 47.319z"
                          fill="currentColor"
                        />
                      </svg>
                      <svg
                        aria-label="Star"
                        viewBox="0 0 194.22 184.73"
                        xmlns="http://www.w3.org/2000/svg"
                      >
                        <path
                          d="m157.096 184.718-60.01-31.565-60.025 31.542 11.476-66.828-48.546-47.34 67.103-9.737L97.115-.008l29.997 60.811 67.099 9.764-48.564 47.319z"
                          fill="currentColor"
                        />
                      </svg>
                      <svg
                        aria-label="Star"
                        viewBox="0 0 194.22 184.73"
                        xmlns="http://www.w3.org/2000/svg"
                      >
                        <path
                          d="m157.096 184.718-60.01-31.565-60.025 31.542 11.476-66.828-48.546-47.34 67.103-9.737L97.115-.008l29.997 60.811 67.099 9.764-48.564 47.319z"
                          fill="currentColor"
                        />
                      </svg>
                      <svg
                        aria-label="Star"
                        viewBox="0 0 194.22 184.73"
                        xmlns="http://www.w3.org/2000/svg"
                      >
                        <path
                          d="m157.096 184.718-60.01-31.565-60.025 31.542 11.476-66.828-48.546-47.34 67.103-9.737L97.115-.008l29.997 60.811 67.099 9.764-48.564 47.319z"
                          fill="currentColor"
                        />
                      </svg>
                      <svg
                        aria-label="Star"
                        viewBox="0 0 194.22 184.73"
                        xmlns="http://www.w3.org/2000/svg"
                      >
                        <path
                          d="m157.096 184.718-60.01-31.565-60.025 31.542 11.476-66.828-48.546-47.34 67.103-9.737L97.115-.008l29.997 60.811 67.099 9.764-48.564 47.319z"
                          fill="currentColor"
                        />
                      </svg>
                    </div>
                    <h5
                      class="c16"
                    >
                      "It is a long established fact that a reader will be distracted by the readable content of a page when looking at its layout"
                    </h5>
                    <div
                      class="c17"
                    >
                      <div
                        aria-label="User image"
                        class="c18"
                      />
                      <p
                        aria-label="User name"
                        class="c19"
                      >
                        -gabriel guedes
                      </p>
                    </div>
                  </div>
                </div>
              </div>
              <div
                aria-hidden="true"
                class="slick-slide slick-cloned"
                data-index="11"
                style="width: 0px;"
                tabindex="-1"
              >
                <div>
                  <div
                    class="c12"
                  >
                    <svg
                      class="c13"
                      viewBox="0 0 19 53"
                      xmlns="http://www.w3.org/2000/svg"
                    >
                      <path
                        d="M.185 53 .06 1V0h18.815v53L9.53 41.406.185 53Z"
                        fill="currentColor"
                      />
                    </svg>
                    <p
                      class="c14"
                    >
                      Atentido por 
                      <span>
                        Test
                      </span>
                    </p>
                    <div
                      class="c15"
                    >
                      <svg
                        aria-label="Star"
                        viewBox="0 0 194.22 184.73"
                        xmlns="http://www.w3.org/2000/svg"
                      >
                        <path
                          d="m157.096 184.718-60.01-31.565-60.025 31.542 11.476-66.828-48.546-47.34 67.103-9.737L97.115-.008l29.997 60.811 67.099 9.764-48.564 47.319z"
                          fill="currentColor"
                        />
                      </svg>
                      <svg
                        aria-label="Star"
                        viewBox="0 0 194.22 184.73"
                        xmlns="http://www.w3.org/2000/svg"
                      >
                        <path
                          d="m157.096 184.718-60.01-31.565-60.025 31.542 11.476-66.828-48.546-47.34 67.103-9.737L97.115-.008l29.997 60.811 67.099 9.764-48.564 47.319z"
                          fill="currentColor"
                        />
                      </svg>
                      <svg
                        aria-label="Star"
                        viewBox="0 0 194.22 184.73"
                        xmlns="http://www.w3.org/2000/svg"
                      >
                        <path
                          d="m157.096 184.718-60.01-31.565-60.025 31.542 11.476-66.828-48.546-47.34 67.103-9.737L97.115-.008l29.997 60.811 67.099 9.764-48.564 47.319z"
                          fill="currentColor"
                        />
                      </svg>
                      <svg
                        aria-label="Star"
                        viewBox="0 0 194.22 184.73"
                        xmlns="http://www.w3.org/2000/svg"
                      >
                        <path
                          d="m157.096 184.718-60.01-31.565-60.025 31.542 11.476-66.828-48.546-47.34 67.103-9.737L97.115-.008l29.997 60.811 67.099 9.764-48.564 47.319z"
                          fill="currentColor"
                        />
                      </svg>
                      <svg
                        aria-label="Star"
                        viewBox="0 0 194.22 184.73"
                        xmlns="http://www.w3.org/2000/svg"
                      >
                        <path
                          d="m157.096 184.718-60.01-31.565-60.025 31.542 11.476-66.828-48.546-47.34 67.103-9.737L97.115-.008l29.997 60.811 67.099 9.764-48.564 47.319z"
                          fill="currentColor"
                        />
                      </svg>
                    </div>
                    <h5
                      class="c16"
                    >
                      "It is a long established fact that a reader will be distracted by the readable content of a page when looking at its layout"
                    </h5>
                    <div
                      class="c17"
                    >
                      <div
                        aria-label="User image"
                        class="c18"
                      />
                      <p
                        aria-label="User name"
                        class="c19"
                      >
                        -gabriel guedes
                      </p>
                    </div>
                  </div>
                </div>
              </div>
            </div>
          </div>
          <ul
            class="slick-dots"
            style="display: block;"
          >
            <li
              class="slick-active"
            >
              <button>
                1
              </button>
            </li>
            <li
              class=""
            >
              <button>
                2
              </button>
            </li>
            <li
              class=""
            >
              <button>
                3
              </button>
            </li>
            <li
              class=""
            >
              <button>
                4
              </button>
            </li>
            <li
              class=""
            >
              <button>
                5
              </button>
            </li>
            <li
              class=""
            >
              <button>
                6
              </button>
            </li>
          </ul>
        </div>
      </section>
    </div>
    <svg
      class="c20"
      viewBox="0 0 50 19"
      xmlns="http://www.w3.org/2000/svg"
    >
      <path
        d="M24.5 0C24.5 9.425 7 17.504 0 17.504v1.347h50v-1.347c-7 0-25.5-8.079-25.5-17.504Z"
        fill="currentColor"
      />
    </svg>
  </div>
</main>
`;
