// Jest Snapshot v1, https://goo.gl/fbAQLP

exports[`<Footer /> Deve renderizar o componente <Footer /> 1`] = `
.c0 {
  width: 100%;
  height: 420px;
  display: -webkit-box;
  display: -webkit-flex;
  display: -ms-flexbox;
  display: flex;
  -webkit-box-pack: center;
  -webkit-justify-content: center;
  -ms-flex-pack: center;
  justify-content: center;
  background-color: #080808;
  color: white;
  position: absolute;
}

.c1 {
  width: 100%;
  height: 100%;
  max-width: 1290px;
  margin: 0 15px;
  display: -webkit-box;
  display: -webkit-flex;
  display: -ms-flexbox;
  display: flex;
  -webkit-align-items: center;
  -webkit-box-align: center;
  -ms-flex-align: center;
  align-items: center;
  -webkit-box-pack: justify;
  -webkit-justify-content: space-between;
  -ms-flex-pack: justify;
  justify-content: space-between;
  -webkit-flex-direction: column;
  -ms-flex-direction: column;
  flex-direction: column;
}

.c2 {
  width: auto;
  display: -webkit-box;
  display: -webkit-flex;
  display: -ms-flexbox;
  display: flex;
  -webkit-align-items: center;
  -webkit-box-align: center;
  -ms-flex-align: center;
  align-items: center;
  -webkit-box-pack: center;
  -webkit-justify-content: center;
  -ms-flex-pack: center;
  justify-content: center;
  -webkit-flex-direction: column;
  -ms-flex-direction: column;
  flex-direction: column;
  -webkit-order: 1;
  -ms-flex-order: 1;
  order: 1;
}

.c9 {
  width: auto;
  display: -webkit-box;
  display: -webkit-flex;
  display: -ms-flexbox;
  display: flex;
  -webkit-align-items: center;
  -webkit-box-align: center;
  -ms-flex-align: center;
  align-items: center;
  -webkit-box-pack: center;
  -webkit-justify-content: center;
  -ms-flex-pack: center;
  justify-content: center;
  -webkit-flex-direction: column;
  -ms-flex-direction: column;
  flex-direction: column;
  -webkit-order: 3;
  -ms-flex-order: 3;
  order: 3;
}

.c11 {
  width: auto;
  display: -webkit-box;
  display: -webkit-flex;
  display: -ms-flexbox;
  display: flex;
  -webkit-align-items: center;
  -webkit-box-align: center;
  -ms-flex-align: center;
  align-items: center;
  -webkit-box-pack: center;
  -webkit-justify-content: center;
  -ms-flex-pack: center;
  justify-content: center;
  -webkit-flex-direction: column;
  -ms-flex-direction: column;
  flex-direction: column;
  -webkit-order: 2;
  -ms-flex-order: 2;
  order: 2;
}

.c4 {
  display: -webkit-box;
  display: -webkit-flex;
  display: -ms-flexbox;
  display: flex;
  -webkit-box-pack: center;
  -webkit-justify-content: center;
  -ms-flex-pack: center;
  justify-content: center;
}

.c3 {
  font-family: Poppins,-apple-system,BlinkMacSystemFont,'Segoe UI',Roboto,Oxygen,Ubuntu,Cantarell,'Open Sans','Helvetica Neue',sans-serif;
  font-weight: 700;
  font-size: 1.8rem;
  margin-bottom: 3rem;
}

.c5 {
  width: 50px;
  height: 50px;
  background-color: #181818;
  border-radius: 50%;
  margin-right: 2rem;
}

.c8 {
  width: 50px;
  height: 50px;
  background-color: #181818;
  border-radius: 50%;
}

.c6 {
  width: 100%;
  height: 100%;
  border-radius: 50%;
  display: -webkit-box;
  display: -webkit-flex;
  display: -ms-flexbox;
  display: flex;
  -webkit-align-items: center;
  -webkit-box-align: center;
  -ms-flex-align: center;
  align-items: center;
  -webkit-box-pack: center;
  -webkit-justify-content: center;
  -ms-flex-pack: center;
  justify-content: center;
  -webkit-transition: all 0.3s linear;
  transition: all 0.3s linear;
}

.c6:hover,
.c6:focus {
  box-shadow: 0 0 1rem #1affea;
  outline: none;
}

.c7 {
  width: 20px;
  height: 20px;
}

.c10 {
  font-size: 1.6rem;
  font-family: Poppins,-apple-system,BlinkMacSystemFont,'Segoe UI',Roboto,Oxygen,Ubuntu,Cantarell,'Open Sans','Helvetica Neue',sans-serif;
  font-weight: 400;
  text-align: center;
  color: #FFFFFF;
  margin-bottom: 4.5rem;
}

.c10 span {
  color: #1affea;
}

.c12 {
  font-size: 1.8rem;
  font-family: Poppins,-apple-system,BlinkMacSystemFont,'Segoe UI',Roboto,Oxygen,Ubuntu,Cantarell,'Open Sans','Helvetica Neue',sans-serif;
  font-weight: 400;
  text-align: center;
  color: #FFFFFF;
}

.c12 span {
  color: #1affea;
}

@media (min-width:768px) {
  .c0 {
    height: 180px;
  }
}

@media (min-width:768px) {
  .c1 {
    -webkit-flex-direction: row;
    -ms-flex-direction: row;
    flex-direction: row;
  }
}

@media (min-width:768px) {
  .c9 {
    -webkit-order: 2;
    -ms-flex-order: 2;
    order: 2;
  }
}

@media (min-width:768px) {
  .c11 {
    -webkit-order: 3;
    -ms-flex-order: 3;
    order: 3;
  }
}

<footer
  class="c0"
>
  <div
    class="c1"
  >
    <div
      class="c2"
    >
      <div
        class="react-reveal"
      >
        <h3
          class="c3"
        >
          Siga-nos
        </h3>
      </div>
      <div
        class="react-reveal"
      >
        <div
          class="c4"
        >
          <div
            class="c5"
          >
            <a
              class="c6"
              href="https://www.instagram.com/98barbershop/"
              rel="noreferrer noopener"
              target="_blank"
            >
              <img
                alt="Link que leva para a página no instagram"
                class="c7"
                src="/assets/svg/instagram-icon.svg"
              />
            </a>
          </div>
          <div
            class="c8"
          >
            <a
              class="c6"
              href="tel:+5511986548715"
              rel="noreferrer noopener"
              target="_blank"
            >
              <img
                alt="Link que mostra número do Whatsapp"
                class="c7"
                src="/assets/svg/whatsapp-icon.svg"
              />
            </a>
          </div>
        </div>
      </div>
    </div>
    <div
      class="c9"
    >
      <div
        class="react-reveal"
      >
        <p
          class="c10"
          color="white"
          data-testid="description"
        >
          Rua Caminho Encanto 334 - Guarulhos - SP
        </p>
      </div>
      <div
        class="react-reveal"
      >
        <p
          class="c10"
          color="white"
          data-testid="description"
        >
          Copyright ©2021 
          <span>
            98Barbershop
          </span>
          . Todos os direitos reservados
        </p>
      </div>
    </div>
    <div
      class="c11"
    >
      <div
        class="react-reveal"
      >
        <h3
          class="c3"
        >
          Institucional
        </h3>
      </div>
      <div
        class="react-reveal"
      >
        <p
          class="c12"
          color="white"
          data-testid="description"
        >
          Termos de Uso
        </p>
      </div>
    </div>
  </div>
</footer>
`;
