// Jest Snapshot v1, https://goo.gl/fbAQLP

exports[`<NavList /> Deve Renderizar todos os components de <NavList /> 1`] = `
.c0 {
  position: relative;
  width: 100%;
  height: 100%;
  list-style: none;
  display: -webkit-box;
  display: -webkit-flex;
  display: -ms-flexbox;
  display: flex;
  -webkit-align-items: center;
  -webkit-box-align: center;
  -ms-flex-align: center;
  align-items: center;
  -webkit-box-pack: justify;
  -webkit-justify-content: space-between;
  -ms-flex-pack: justify;
  justify-content: space-between;
  overflow-x: hidden;
  padding: 0 1.5rem;
}

.c2 {
  display: none;
}

.c8 {
  display: none;
}

.c9 {
  background: #080808;
  opacity: 0;
  pointer-events: none;
  -webkit-transition: 0.3s linear;
  transition: 0.3s linear;
  position: fixed;
  top: 0;
  left: 0;
  bottom: 0;
  right: calc(4.8rem + (1.5rem + 1.5rem));
  z-index: 20;
  color: white;
  display: -webkit-box;
  display: -webkit-flex;
  display: -ms-flexbox;
  display: flex;
  -webkit-align-items: center;
  -webkit-box-align: center;
  -ms-flex-align: center;
  align-items: center;
  -webkit-box-pack: center;
  -webkit-justify-content: center;
  -ms-flex-pack: center;
  justify-content: center;
  overflow-y: auto;
  overflow-x: hidden;
}

.c10 {
  width: 100%;
  display: -webkit-box;
  display: -webkit-flex;
  display: -ms-flexbox;
  display: flex;
  -webkit-flex-direction: column;
  -ms-flex-direction: column;
  flex-direction: column;
  -webkit-align-items: center;
  -webkit-box-align: center;
  -ms-flex-align: center;
  align-items: center;
  gap: 3.2rem;
}

.c11 {
  position: relative;
  list-style: none;
  text-align: center;
  display: -webkit-box;
  display: -webkit-flex;
  display: -ms-flexbox;
  display: flex;
  -webkit-box-pack: center;
  -webkit-justify-content: center;
  -ms-flex-pack: center;
  justify-content: center;
  color: #1affea;
}

.c11::after {
  content: '';
  position: absolute;
  justify-self: center;
  bottom: -0.5rem;
  height: 0.2rem;
  width: 100%;
  background: #1affea;
  box-shadow: 0 0 1rem #1affea;
  -webkit-transition: 0.3s linear;
  transition: 0.3s linear;
}

.c11:hover::after,
.c11:focus::after {
  width: 100%;
}

.c13 {
  position: relative;
  list-style: none;
  text-align: center;
  display: -webkit-box;
  display: -webkit-flex;
  display: -ms-flexbox;
  display: flex;
  -webkit-box-pack: center;
  -webkit-justify-content: center;
  -ms-flex-pack: center;
  justify-content: center;
  color: #FFFFFF;
}

.c13::after {
  content: '';
  position: absolute;
  justify-self: center;
  bottom: -0.5rem;
  height: 0.2rem;
  width: 0;
  background: #1affea;
  box-shadow: 0 0 1rem #1affea;
  -webkit-transition: 0.3s linear;
  transition: 0.3s linear;
}

.c13:hover::after,
.c13:focus::after {
  width: 100%;
}

.c12 {
  font-size: 1.8rem;
  font-weight: 300;
  padding: 0 1rem;
  -webkit-transition: 0.3s linear;
  transition: 0.3s linear;
}

.c12:hover,
.c12:focus {
  color: #1affea;
  cursor: pointer;
  text-shadow: 0 0 3rem rgba(26,255,234,0.2),0 0 1.5rem rgba(26,255,234,0.4),0 0 1rem rgba(26,255,234,0.4),0 0 5rem rgba(26,255,234,0.2);
}

.c1 {
  width: 100%;
  display: -webkit-box;
  display: -webkit-flex;
  display: -ms-flexbox;
  display: flex;
  -webkit-align-items: center;
  -webkit-box-align: center;
  -ms-flex-align: center;
  align-items: center;
  height: 100%;
}

.c7 {
  height: 0.3rem;
  position: absolute;
  bottom: 0;
  left: 0;
  background: #1affea;
  border-radius: 0.3rem;
  -webkit-transition: all 0.3s linear;
  transition: all 0.3s linear;
  box-shadow: 0 0 1rem #1affea;
}

.c3 {
  display: -webkit-box;
  display: -webkit-flex;
  display: -ms-flexbox;
  display: flex;
  gap: 4rem;
}

.c4 {
  list-style: none;
  color: #1affea;
  text-shadow: 0 0 1rem #1affea;
}

.c6 {
  list-style: none;
  color: #FFFFFF;
}

.c5 {
  -webkit-text-decoration: none;
  text-decoration: none;
  font-size: 1.6rem;
  -webkit-transition: 0.3s linear;
  transition: 0.3s linear;
  cursor: pointer;
}

.c5:hover,
.c5:focus {
  color: #1affea;
  text-shadow: 0 0 1rem #1affea;
  outline: none;
}

@media (min-width:768px) {
  .c0 {
    -webkit-box-pack: center;
    -webkit-justify-content: center;
    -ms-flex-pack: center;
    justify-content: center;
    margin: 0;
  }
}

@media (min-width:769px) {
  .c2 {
    display: block;
  }
}

@media (max-width:768px) {
  .c8 {
    display: block;
  }
}

@media (min-width:769px) {
  .c1 {
    width: auto;
  }
}

<ul
  class="c0"
>
  <nav
    class="c1"
  >
    <div
      class="c2"
    >
      <ul
        class="c3"
      >
        <li
          class="c4"
        >
          <a
            aria-selected="true"
            class="c5"
          >
            Home
          </a>
        </li>
        <li
          class="c6"
        >
          <a
            aria-selected="false"
            class="c5"
          >
            Sobre
          </a>
        </li>
        <li
          class="c6"
        >
          <a
            aria-selected="false"
            class="c5"
          >
            Serviços
          </a>
        </li>
      </ul>
    </div>
    <div
      data-testid="Logo"
    />
    <div
      class="c2"
    >
      <ul
        class="c3"
      >
        <li
          class="c6"
        >
          <a
            aria-selected="false"
            class="c5"
          >
            Equipe
          </a>
        </li>
        <li
          class="c6"
        >
          <a
            aria-selected="false"
            class="c5"
          >
            Avaliações
          </a>
        </li>
        <li
          class="c6"
        >
          <a
            aria-selected="false"
            class="c5"
          >
            FeedBack
          </a>
        </li>
      </ul>
      <span
        aria-label="Line"
        class="c7"
        style="width: 20px; transform: translateX(-10px);"
      />
    </div>
  </nav>
  <div
    class="c8"
  >
    <div
      aria-label="Abrir e Fechar"
      class="hamburger-react"
      role="button"
      style="cursor: pointer; height: 48px; position: relative; transition: 0.4s ease-out; user-select: none; width: 48px; outline: none; transform: none;"
      tabindex="0"
    >
      <div
        style="background: rgb(255, 255, 255); height: 3px; left: 9px; position: absolute; border-radius: 9em; width: 30px; top: 13px; transition: 0.4s ease-out; transform: none;"
      />
      <div
        style="background: rgb(255, 255, 255); height: 3px; left: 9px; position: absolute; border-radius: 9em; width: 30px; top: 23px; transition: 0.4s ease-out; transform: none;"
      />
      <div
        style="background: rgb(255, 255, 255); height: 3px; left: 9px; position: absolute; border-radius: 9em; width: 30px; top: 33px; transition: 0.4s ease-out; transform: none;"
      />
    </div>
    <div
      aria-hidden="true"
      aria-label="Menu Full"
      class="c9"
    >
      <ul
        class="c10"
      >
        <li
          class="c11"
        >
          <a
            aria-label="Home"
            class="c12"
          >
            Home
          </a>
        </li>
        <li
          class="c13"
        >
          <a
            aria-label="Sobre"
            class="c12"
          >
            Sobre
          </a>
        </li>
        <li
          class="c13"
        >
          <a
            aria-label="Serviços"
            class="c12"
          >
            Serviços
          </a>
        </li>
        <li
          class="c13"
        >
          <a
            aria-label="Equipe"
            class="c12"
          >
            Equipe
          </a>
        </li>
        <li
          class="c13"
        >
          <a
            aria-label="Opinião"
            class="c12"
          >
            Avaliações
          </a>
        </li>
        <li
          class="c13"
        >
          <a
            aria-label="FeedBack"
            class="c12"
          >
            FeedBack
          </a>
        </li>
      </ul>
    </div>
  </div>
</ul>
`;
